I'm sorry, but errors were detected in your script. Please correct the
errors listed below, and try again.


File "game/script.rpy", line 34: end of line expected.
    "Bilek""(Anjir ni cewek mantap battt dah, duh kok gw sange ya anjirr lah/)""Boy berhanlah"
                                                                               ^

Ren'Py Version: Ren'Py 7.4.8.1895
Mon Sep 20 18:02:37 2021
